warning: unused import: `crate::QuantumHasher`
  --> substrate/primitives/core/src/crypto.rs:23:5
   |
23 | use crate::QuantumHasher;
   |     ^^^^^^^^^^^^^^^^^^^^
   |
   = note: `#[warn(unused_imports)]` on by default

warning: unexpected `cfg` condition value: `bls-experimental`
  --> substrate/primitives/core/src/paired_crypto.rs:32:7
   |
32 | #[cfg(feature = "bls-experimental")]
   |       ^^^^^^^^^^^^^^^^^^^^^^^^^^^^
   |
   = note: expected values for `feature` are: `blake2`, `bs58`, `default`, `full_crypto`, `futures`, `impl-serde`, `itertools`, `parking_lot`, `pqcrypto-sphincsplus`, `rand`, `serde`, `sp-externalities`, `std`, `thiserror`, and `tracing`
   = help: consider adding `bls-experimental` as a feature in `Cargo.toml`
   = note: see <https://doc.rust-lang.org/nightly/rustc/check-cfg/cargo-specifics.html> for more information about checking conditional configuration
   = note: requested on the command line with `-W unexpected-cfgs`

warning: unexpected `cfg` condition value: `bls-experimental`
   --> substrate/primitives/core/src/paired_crypto.rs:132:7
    |
132 | #[cfg(feature = "bls-experimental")]
    |       ^^^^^^^^^^^^^^^^^^^^^^^^^^^^
    |
    = note: expected values for `feature` are: `blake2`, `bs58`, `default`, `full_crypto`, `futures`, `impl-serde`, `itertools`, `parking_lot`, `pqcrypto-sphincsplus`, `rand`, `serde`, `sp-externalities`, `std`, `thiserror`, and `tracing`
    = help: consider adding `bls-experimental` as a feature in `Cargo.toml`
    = note: see <https://doc.rust-lang.org/nightly/rustc/check-cfg/cargo-specifics.html> for more information about checking conditional configuration

warning: unexpected `cfg` condition value: `bls-experimental`
   --> substrate/primitives/core/src/paired_crypto.rs:472:17
    |
472 | #[cfg(all(test, feature = "bls-experimental"))]
    |                 ^^^^^^^^^^^^^^^^^^^^^^^^^^^^
    |
    = note: expected values for `feature` are: `blake2`, `bs58`, `default`, `full_crypto`, `futures`, `impl-serde`, `itertools`, `parking_lot`, `pqcrypto-sphincsplus`, `rand`, `serde`, `sp-externalities`, `std`, `thiserror`, and `tracing`
    = help: consider adding `bls-experimental` as a feature in `Cargo.toml`
    = note: see <https://doc.rust-lang.org/nightly/rustc/check-cfg/cargo-specifics.html> for more information about checking conditional configuration

warning: unused import: `sp_std::marker::PhantomData`
  --> substrate/primitives/core/src/quantum_randomness.rs:29:5
   |
29 | use sp_std::marker::PhantomData;
   |     ^^^^^^^^^^^^^^^^^^^^^^^^^^^

warning: unused import: `crate::ByteArray`
  --> substrate/primitives/core/src/quantum_signature.rs:93:13
   |
93 |         use crate::ByteArray;
   |             ^^^^^^^^^^^^^^^^

warning: unused import: `crate::ByteArray`
   --> substrate/primitives/core/src/quantum_signature.rs:116:13
    |
116 |         use crate::ByteArray;
    |             ^^^^^^^^^^^^^^^^

warning: unreachable pattern
  --> substrate/primitives/core/src/quantum_signature.rs:32:13
   |
29 |             (Sphincs(sig), QuantumPublic::Sphincs(public)) => {
   |             ---------------------------------------------- matches all the relevant values
...
32 |             _ => false, // Mismatched signature/public key types
   |             ^ no value can reach this
   |
   = note: `#[warn(unreachable_patterns)]` on by default

warning: unused variable: `msg`
   --> substrate/primitives/core/src/quantum_signature.rs:132:40
    |
132 |     pub fn sign<M: AsRef<[u8]>>(&self, msg: &M) -> Option<QuantumSignature> {
    |                                        ^^^ help: if this is intentional, prefix it with an underscore: `_msg`
    |
    = note: `#[warn(unused_variables)]` on by default

warning: function `derive_hard_junction` is never used
   --> substrate/primitives/core/src/sphincs.rs:515:4
    |
515 | fn derive_hard_junction(secret: &[u8; SECRET_KEY_SERIALIZED_SIZE], _cc: &[u8; 32]) -> [u8; SECRET_KEY_SERIALIZED_SIZE] {
    |    ^^^^^^^^^^^^^^^^^^^^
    |
    = note: `#[warn(dead_code)]` on by default

warning: missing documentation for a constant
  --> substrate/primitives/core/src/sphincs.rs:49:1
   |
49 | pub const PUBLIC_KEY_LENGTH: usize = PUBLIC_KEY_SERIALIZED_SIZE;
   | ^^^^^^^^^^^^^^^^^^^^^^^^^^^^^^^^^^
   |
note: the lint level is defined here
  --> substrate/primitives/core/src/lib.rs:20:9
   |
20 | #![warn(missing_docs)]
   |         ^^^^^^^^^^^^

warning: missing documentation for a constant
  --> substrate/primitives/core/src/sphincs.rs:53:1
   |
53 | pub const SIGNATURE_LENGTH: usize = SIGNATURE_SERIALIZED_SIZE;
   | ^^^^^^^^^^^^^^^^^^^^^^^^^^^^^^^^^

warning: missing documentation for a constant
  --> substrate/primitives/core/src/sphincs.rs:63:1
   |
63 | pub const SIGNATURE_SIZE: usize = SIGNATURE_SERIALIZED_SIZE;
   | ^^^^^^^^^^^^^^^^^^^^^^^^^^^^^^^

warning: missing documentation for a struct field
   --> substrate/primitives/core/src/post_quantum.rs:150:2
    |
150 |     pub algorithm: PostQuantumAlgorithm,
    |     ^^^^^^^^^^^^^^^^^^^^^^^^^^^^^^^^^^^

warning: missing documentation for a struct field
   --> substrate/primitives/core/src/post_quantum.rs:151:2
    |
151 |     pub signature_size: usize,
    |     ^^^^^^^^^^^^^^^^^^^^^^^^^

warning: missing documentation for a struct field
   --> substrate/primitives/core/src/post_quantum.rs:152:2
    |
152 |     pub public_key_size: usize,
    |     ^^^^^^^^^^^^^^^^^^^^^^^^^^

warning: missing documentation for a struct field
   --> substrate/primitives/core/src/post_quantum.rs:153:2
    |
153 |     pub private_key_size: usize,
    |     ^^^^^^^^^^^^^^^^^^^^^^^^^^^

warning: missing documentation for a struct field
   --> substrate/primitives/core/src/post_quantum.rs:154:2
    |
154 |     pub security_level: u32,
    |     ^^^^^^^^^^^^^^^^^^^^^^^

warning: missing documentation for a struct field
   --> substrate/primitives/core/src/post_quantum.rs:155:2
    |
155 |     pub signing_ops_per_sec: u32,
    |     ^^^^^^^^^^^^^^^^^^^^^^^^^^^^

warning: missing documentation for a struct field
   --> substrate/primitives/core/src/post_quantum.rs:156:2
    |
156 |     pub verification_ops_per_sec: u32,
    |     ^^^^^^^^^^^^^^^^^^^^^^^^^^^^^^^^^

warning: `sp-core` (lib) generated 20 warnings (run `cargo fix --lib -p sp-core` to apply 4 suggestions)
warning: unexpected `cfg` condition value: `bandersnatch-experimental`
   --> substrate/primitives/keystore/src/lib.rs:315:2
    |
315 |     feature = "bandersnatch-experimental",
    |     ^^^^^^^
    |
    = note: expected values for `feature` are: `default` and `std`
    = help: consider adding `bandersnatch-experimental` as a feature in `Cargo.toml`
    = note: see <https://doc.rust-lang.org/nightly/rustc/check-cfg/cargo-specifics.html> for more information about checking conditional configuration
    = note: requested on the command line with `-W unexpected-cfgs`

warning: unexpected `cfg` condition value: `bls-experimental`
   --> substrate/primitives/keystore/src/lib.rs:321:2
    |
321 |     feature = "bls-experimental",
    |     ^^^^^^^
    |
    = note: expected values for `feature` are: `default` and `std`
    = help: consider adding `bls-experimental` as a feature in `Cargo.toml`
    = note: see <https://doc.rust-lang.org/nightly/rustc/check-cfg/cargo-specifics.html> for more information about checking conditional configuration

warning: unexpected `cfg` condition value: `bandersnatch-experimental`
  --> substrate/primitives/keystore/src/testing.rs:22:7
   |
22 | #[cfg(feature = "bandersnatch-experimental")]
   |       ^^^^^^^^^^^^^^^^^^^^^^^^^^^^^^^^^^^^^
   |
   = note: expected values for `feature` are: `default` and `std`
   = help: consider adding `bandersnatch-experimental` as a feature in `Cargo.toml`
   = note: see <https://doc.rust-lang.org/nightly/rustc/check-cfg/cargo-specifics.html> for more information about checking conditional configuration

warning: unexpected `cfg` condition value: `bls-experimental`
  --> substrate/primitives/keystore/src/testing.rs:24:7
   |
24 | #[cfg(feature = "bls-experimental")]
   |       ^^^^^^^^^^^^^^^^^^^^^^^^^^^^
   |
   = note: expected values for `feature` are: `default` and `std`
   = help: consider adding `bls-experimental` as a feature in `Cargo.toml`
   = note: see <https://doc.rust-lang.org/nightly/rustc/check-cfg/cargo-specifics.html> for more information about checking conditional configuration

warning: unexpected `cfg` condition value: `bls-experimental`
   --> substrate/primitives/keystore/src/testing.rs:131:8
    |
131 |     #[cfg(feature = "bls-experimental")]
    |           ^^^^^^^^^^^^^^^^^^^^^^^^^^^^
    |
    = note: expected values for `feature` are: `default` and `std`
    = help: consider adding `bls-experimental` as a feature in `Cargo.toml`
    = note: see <https://doc.rust-lang.org/nightly/rustc/check-cfg/cargo-specifics.html> for more information about checking conditional configuration

warning: unexpected `cfg` condition value: `bandersnatch-experimental`
   --> substrate/primitives/keystore/src/testing.rs:147:8
    |
147 |     #[cfg(feature = "bandersnatch-experimental")]
    |           ^^^^^^^^^^^^^^^^^^^^^^^^^^^^^^^^^^^^^
    |
    = note: expected values for `feature` are: `default` and `std`
    = help: consider adding `bandersnatch-experimental` as a feature in `Cargo.toml`
    = note: see <https://doc.rust-lang.org/nightly/rustc/check-cfg/cargo-specifics.html> for more information about checking conditional configuration

warning: unexpected `cfg` condition value: `bandersnatch-experimental`
   --> substrate/primitives/keystore/src/testing.rs:152:8
    |
152 |     #[cfg(feature = "bandersnatch-experimental")]
    |           ^^^^^^^^^^^^^^^^^^^^^^^^^^^^^^^^^^^^^
    |
    = note: expected values for `feature` are: `default` and `std`
    = help: consider adding `bandersnatch-experimental` as a feature in `Cargo.toml`
    = note: see <https://doc.rust-lang.org/nightly/rustc/check-cfg/cargo-specifics.html> for more information about checking conditional configuration

warning: unexpected `cfg` condition value: `bandersnatch-experimental`
   --> substrate/primitives/keystore/src/testing.rs:161:8
    |
161 |     #[cfg(feature = "bandersnatch-experimental")]
    |           ^^^^^^^^^^^^^^^^^^^^^^^^^^^^^^^^^^^^^
    |
    = note: expected values for `feature` are: `default` and `std`
    = help: consider adding `bandersnatch-experimental` as a feature in `Cargo.toml`
    = note: see <https://doc.rust-lang.org/nightly/rustc/check-cfg/cargo-specifics.html> for more information about checking conditional configuration

warning: unexpected `cfg` condition value: `bandersnatch-experimental`
   --> substrate/primitives/keystore/src/testing.rs:171:8
    |
171 |     #[cfg(feature = "bandersnatch-experimental")]
    |           ^^^^^^^^^^^^^^^^^^^^^^^^^^^^^^^^^^^^^
    |
    = note: expected values for `feature` are: `default` and `std`
    = help: consider adding `bandersnatch-experimental` as a feature in `Cargo.toml`
    = note: see <https://doc.rust-lang.org/nightly/rustc/check-cfg/cargo-specifics.html> for more information about checking conditional configuration

warning: unexpected `cfg` condition value: `bandersnatch-experimental`
   --> substrate/primitives/keystore/src/testing.rs:181:8
    |
181 |     #[cfg(feature = "bandersnatch-experimental")]
    |           ^^^^^^^^^^^^^^^^^^^^^^^^^^^^^^^^^^^^^
    |
    = note: expected values for `feature` are: `default` and `std`
    = help: consider adding `bandersnatch-experimental` as a feature in `Cargo.toml`
    = note: see <https://doc.rust-lang.org/nightly/rustc/check-cfg/cargo-specifics.html> for more information about checking conditional configuration

warning: unexpected `cfg` condition value: `bandersnatch-experimental`
   --> substrate/primitives/keystore/src/testing.rs:195:8
    |
195 |     #[cfg(feature = "bandersnatch-experimental")]
    |           ^^^^^^^^^^^^^^^^^^^^^^^^^^^^^^^^^^^^^
    |
    = note: expected values for `feature` are: `default` and `std`
    = help: consider adding `bandersnatch-experimental` as a feature in `Cargo.toml`
    = note: see <https://doc.rust-lang.org/nightly/rustc/check-cfg/cargo-specifics.html> for more information about checking conditional configuration

warning: unexpected `cfg` condition value: `bls-experimental`
   --> substrate/primitives/keystore/src/testing.rs:205:8
    |
205 |     #[cfg(feature = "bls-experimental")]
    |           ^^^^^^^^^^^^^^^^^^^^^^^^^^^^
    |
    = note: expected values for `feature` are: `default` and `std`
    = help: consider adding `bls-experimental` as a feature in `Cargo.toml`
    = note: see <https://doc.rust-lang.org/nightly/rustc/check-cfg/cargo-specifics.html> for more information about checking conditional configuration

warning: unexpected `cfg` condition value: `bls-experimental`
   --> substrate/primitives/keystore/src/testing.rs:210:8
    |
210 |     #[cfg(feature = "bls-experimental")]
    |           ^^^^^^^^^^^^^^^^^^^^^^^^^^^^
    |
    = note: expected values for `feature` are: `default` and `std`
    = help: consider adding `bls-experimental` as a feature in `Cargo.toml`
    = note: see <https://doc.rust-lang.org/nightly/rustc/check-cfg/cargo-specifics.html> for more information about checking conditional configuration

warning: unexpected `cfg` condition value: `bls-experimental`
   --> substrate/primitives/keystore/src/testing.rs:219:8
    |
219 |     #[cfg(feature = "bls-experimental")]
    |           ^^^^^^^^^^^^^^^^^^^^^^^^^^^^
    |
    = note: expected values for `feature` are: `default` and `std`
    = help: consider adding `bls-experimental` as a feature in `Cargo.toml`
    = note: see <https://doc.rust-lang.org/nightly/rustc/check-cfg/cargo-specifics.html> for more information about checking conditional configuration

warning: unexpected `cfg` condition value: `bls-experimental`
   --> substrate/primitives/keystore/src/testing.rs:229:8
    |
229 |     #[cfg(feature = "bls-experimental")]
    |           ^^^^^^^^^^^^^^^^^^^^^^^^^^^^
    |
    = note: expected values for `feature` are: `default` and `std`
    = help: consider adding `bls-experimental` as a feature in `Cargo.toml`
    = note: see <https://doc.rust-lang.org/nightly/rustc/check-cfg/cargo-specifics.html> for more information about checking conditional configuration

warning: unexpected `cfg` condition value: `bandersnatch-experimental`
   --> substrate/primitives/keystore/src/lib.rs:139:10
    |
139 |             #[cfg(feature = "bandersnatch-experimental")]
    |                   ^^^^^^^^^^^^^^^^^^^^^^^^^^^^^^^^^^^^^
    |
    = note: expected values for `feature` are: `default` and `std`
    = help: consider adding `bandersnatch-experimental` as a feature in `Cargo.toml`
    = note: see <https://doc.rust-lang.org/nightly/rustc/check-cfg/cargo-specifics.html> for more information about checking conditional configuration

warning: unexpected `cfg` condition value: `bls-experimental`
   --> substrate/primitives/keystore/src/lib.rs:145:10
    |
145 |             #[cfg(feature = "bls-experimental")]
    |                   ^^^^^^^^^^^^^^^^^^^^^^^^^^^^
    |
    = note: expected values for `feature` are: `default` and `std`
    = help: consider adding `bls-experimental` as a feature in `Cargo.toml`
    = note: see <https://doc.rust-lang.org/nightly/rustc/check-cfg/cargo-specifics.html> for more information about checking conditional configuration

warning: unexpected `cfg` condition value: `bandersnatch-experimental`
   --> substrate/primitives/keystore/src/lib.rs:165:8
    |
165 |     #[cfg(feature = "bandersnatch-experimental")]
    |           ^^^^^^^^^^^^^^^^^^^^^^^^^^^^^^^^^^^^^
    |
    = note: expected values for `feature` are: `default` and `std`
    = help: consider adding `bandersnatch-experimental` as a feature in `Cargo.toml`
    = note: see <https://doc.rust-lang.org/nightly/rustc/check-cfg/cargo-specifics.html> for more information about checking conditional configuration

warning: unexpected `cfg` condition value: `bandersnatch-experimental`
   --> substrate/primitives/keystore/src/lib.rs:170:8
    |
170 |     #[cfg(feature = "bandersnatch-experimental")]
    |           ^^^^^^^^^^^^^^^^^^^^^^^^^^^^^^^^^^^^^
    |
    = note: expected values for `feature` are: `default` and `std`
    = help: consider adding `bandersnatch-experimental` as a feature in `Cargo.toml`
    = note: see <https://doc.rust-lang.org/nightly/rustc/check-cfg/cargo-specifics.html> for more information about checking conditional configuration

warning: unexpected `cfg` condition value: `bandersnatch-experimental`
   --> substrate/primitives/keystore/src/lib.rs:179:8
    |
179 |     #[cfg(feature = "bandersnatch-experimental")]
    |           ^^^^^^^^^^^^^^^^^^^^^^^^^^^^^^^^^^^^^
    |
    = note: expected values for `feature` are: `default` and `std`
    = help: consider adding `bandersnatch-experimental` as a feature in `Cargo.toml`
    = note: see <https://doc.rust-lang.org/nightly/rustc/check-cfg/cargo-specifics.html> for more information about checking conditional configuration

warning: unexpected `cfg` condition value: `bandersnatch-experimental`
   --> substrate/primitives/keystore/src/lib.rs:189:8
    |
189 |     #[cfg(feature = "bandersnatch-experimental")]
    |           ^^^^^^^^^^^^^^^^^^^^^^^^^^^^^^^^^^^^^
    |
    = note: expected values for `feature` are: `default` and `std`
    = help: consider adding `bandersnatch-experimental` as a feature in `Cargo.toml`
    = note: see <https://doc.rust-lang.org/nightly/rustc/check-cfg/cargo-specifics.html> for more information about checking conditional configuration

warning: unexpected `cfg` condition value: `bandersnatch-experimental`
   --> substrate/primitives/keystore/src/lib.rs:199:8
    |
199 |     #[cfg(feature = "bandersnatch-experimental")]
    |           ^^^^^^^^^^^^^^^^^^^^^^^^^^^^^^^^^^^^^
    |
    = note: expected values for `feature` are: `default` and `std`
    = help: consider adding `bandersnatch-experimental` as a feature in `Cargo.toml`
    = note: see <https://doc.rust-lang.org/nightly/rustc/check-cfg/cargo-specifics.html> for more information about checking conditional configuration

warning: unexpected `cfg` condition value: `bandersnatch-experimental`
   --> substrate/primitives/keystore/src/lib.rs:209:8
    |
209 |     #[cfg(feature = "bandersnatch-experimental")]
    |           ^^^^^^^^^^^^^^^^^^^^^^^^^^^^^^^^^^^^^
    |
    = note: expected values for `feature` are: `default` and `std`
    = help: consider adding `bandersnatch-experimental` as a feature in `Cargo.toml`
    = note: see <https://doc.rust-lang.org/nightly/rustc/check-cfg/cargo-specifics.html> for more information about checking conditional configuration

warning: unexpected `cfg` condition value: `bls-experimental`
   --> substrate/primitives/keystore/src/lib.rs:220:8
    |
220 |     #[cfg(feature = "bls-experimental")]
    |           ^^^^^^^^^^^^^^^^^^^^^^^^^^^^
    |
    = note: expected values for `feature` are: `default` and `std`
    = help: consider adding `bls-experimental` as a feature in `Cargo.toml`
    = note: see <https://doc.rust-lang.org/nightly/rustc/check-cfg/cargo-specifics.html> for more information about checking conditional configuration

warning: unexpected `cfg` condition value: `bls-experimental`
   --> substrate/primitives/keystore/src/lib.rs:227:8
    |
227 |     #[cfg(feature = "bls-experimental")]
    |           ^^^^^^^^^^^^^^^^^^^^^^^^^^^^
    |
    = note: expected values for `feature` are: `default` and `std`
    = help: consider adding `bls-experimental` as a feature in `Cargo.toml`
    = note: see <https://doc.rust-lang.org/nightly/rustc/check-cfg/cargo-specifics.html> for more information about checking conditional configuration

warning: unexpected `cfg` condition value: `bls-experimental`
   --> substrate/primitives/keystore/src/lib.rs:237:8
    |
237 |     #[cfg(feature = "bls-experimental")]
    |           ^^^^^^^^^^^^^^^^^^^^^^^^^^^^
    |
    = note: expected values for `feature` are: `default` and `std`
    = help: consider adding `bls-experimental` as a feature in `Cargo.toml`
    = note: see <https://doc.rust-lang.org/nightly/rustc/check-cfg/cargo-specifics.html> for more information about checking conditional configuration

warning: unexpected `cfg` condition value: `bls-experimental`
   --> substrate/primitives/keystore/src/lib.rs:247:8
    |
247 |     #[cfg(feature = "bls-experimental")]
    |           ^^^^^^^^^^^^^^^^^^^^^^^^^^^^
    |
    = note: expected values for `feature` are: `default` and `std`
    = help: consider adding `bls-experimental` as a feature in `Cargo.toml`
    = note: see <https://doc.rust-lang.org/nightly/rustc/check-cfg/cargo-specifics.html> for more information about checking conditional configuration

warning: methods `vrf_sign` and `vrf_pre_output` are never used
   --> substrate/primitives/keystore/src/testing.rs:111:5
    |
43  | impl MemoryKeystore {
    | ------------------- methods in this implementation
...
111 |     fn vrf_sign<T: Pair + VrfSecret>(
    |        ^^^^^^^^
...
121 |     fn vrf_pre_output<T: Pair + VrfSecret>(
    |        ^^^^^^^^^^^^^^
    |
    = note: `#[warn(dead_code)]` on by default

warning: `sp-keystore` (lib) generated 28 warnings
warning: unexpected `cfg` condition value: `bandersnatch-experimental`
  --> substrate/primitives/io/src/lib.rs:97:7
   |
97 | #[cfg(feature = "bandersnatch-experimental")]
   |       ^^^^^^^^^^^^^^^^^^^^^^^^^^^^^^^^^^^^^
   |
   = note: expected values for `feature` are: `default`, `disable_allocator`, `disable_oom`, `disable_panic_handler`, `improved_panic_error_reporting`, `sp-keystore`, `sp-state-machine`, `sp-trie`, `std`, and `with-tracing`
   = help: consider adding `bandersnatch-experimental` as a feature in `Cargo.toml`
   = note: see <https://doc.rust-lang.org/nightly/rustc/check-cfg/cargo-specifics.html> for more information about checking conditional configuration
   = note: requested on the command line with `-W unexpected-cfgs`

warning: unexpected `cfg` condition value: `bls-experimental`
   --> substrate/primitives/io/src/lib.rs:113:7
    |
113 | #[cfg(feature = "bls-experimental")]
    |       ^^^^^^^^^^^^^^^^^^^^^^^^^^^^
    |
    = note: expected values for `feature` are: `default`, `disable_allocator`, `disable_oom`, `disable_panic_handler`, `improved_panic_error_reporting`, `sp-keystore`, `sp-state-machine`, `sp-trie`, `std`, and `with-tracing`
    = help: consider adding `bls-experimental` as a feature in `Cargo.toml`
    = note: see <https://doc.rust-lang.org/nightly/rustc/check-cfg/cargo-specifics.html> for more information about checking conditional configuration

warning: unexpected `cfg` condition value: `bandersnatch-experimental`
    --> substrate/primitives/io/src/lib.rs:1127:8
     |
1127 |     #[cfg(feature = "bandersnatch-experimental")]
     |           ^^^^^^^^^^^^^^^^^^^^^^^^^^^^^^^^^^^^^
     |
     = note: expected values for `feature` are: `default`, `disable_allocator`, `disable_oom`, `disable_panic_handler`, `improved_panic_error_reporting`, `sp-keystore`, `sp-state-machine`, `sp-trie`, `std`, and `with-tracing`
     = help: consider adding `bandersnatch-experimental` as a feature in `Cargo.toml`
     = note: see <https://doc.rust-lang.org/nightly/rustc/check-cfg/cargo-specifics.html> for more information about checking conditional configuration

warning: unexpected `cfg` condition value: `bandersnatch-experimental`
    --> substrate/primitives/io/src/lib.rs:1144:8
     |
1144 |     #[cfg(feature = "bandersnatch-experimental")]
     |           ^^^^^^^^^^^^^^^^^^^^^^^^^^^^^^^^^^^^^
     |
     = note: expected values for `feature` are: `default`, `disable_allocator`, `disable_oom`, `disable_panic_handler`, `improved_panic_error_reporting`, `sp-keystore`, `sp-state-machine`, `sp-trie`, `std`, and `with-tracing`
     = help: consider adding `bandersnatch-experimental` as a feature in `Cargo.toml`
     = note: see <https://doc.rust-lang.org/nightly/rustc/check-cfg/cargo-specifics.html> for more information about checking conditional configuration

warning: unexpected `cfg` condition value: `bls-experimental`
    --> substrate/primitives/io/src/lib.rs:1071:8
     |
1071 |     #[cfg(feature = "bls-experimental")]
     |           ^^^^^^^^^^^^^^^^^^^^^^^^^^^^
     |
     = note: expected values for `feature` are: `default`, `disable_allocator`, `disable_oom`, `disable_panic_handler`, `improved_panic_error_reporting`, `sp-keystore`, `sp-state-machine`, `sp-trie`, `std`, and `with-tracing`
     = help: consider adding `bls-experimental` as a feature in `Cargo.toml`
     = note: see <https://doc.rust-lang.org/nightly/rustc/check-cfg/cargo-specifics.html> for more information about checking conditional configuration

warning: unexpected `cfg` condition value: `bls-experimental`
    --> substrate/primitives/io/src/lib.rs:1088:8
     |
1088 |     #[cfg(feature = "bls-experimental")]
     |           ^^^^^^^^^^^^^^^^^^^^^^^^^^^^
     |
     = note: expected values for `feature` are: `default`, `disable_allocator`, `disable_oom`, `disable_panic_handler`, `improved_panic_error_reporting`, `sp-keystore`, `sp-state-machine`, `sp-trie`, `std`, and `with-tracing`
     = help: consider adding `bls-experimental` as a feature in `Cargo.toml`
     = note: see <https://doc.rust-lang.org/nightly/rustc/check-cfg/cargo-specifics.html> for more information about checking conditional configuration

warning: `sp-io` (lib) generated 6 warnings
warning: field `0` is never read
  --> substrate/primitives/application-crypto/src/sphincs_simple.rs:70:17
   |
70 | pub struct Pair(sphincs::Pair);
   |            ---- ^^^^^^^^^^^^^
   |            |
   |            field in this struct
   |
   = help: consider removing this field
   = note: `#[warn(dead_code)]` on by default

warning: `sp-application-crypto` (lib) generated 1 warning
warning: unused import: `ecdsa`
  --> substrate/primitives/runtime/src/lib.rs:82:46
   |
82 | use crate::quantum_stubs::{ed25519, sr25519, ecdsa};
   |                                              ^^^^^
   |
   = note: `#[warn(unused_imports)]` on by default

warning: unused import: `CryptoType`
  --> substrate/primitives/runtime/src/quantum_stubs.rs:12:34
   |
12 | use sp_core::crypto::{ByteArray, CryptoType, FromEntropy};
   |                                  ^^^^^^^^^^

warning: unused import: `crate::quantum_stubs::sr25519`
  --> substrate/primitives/runtime/src/testing.rs:31:5
   |
31 | use crate::quantum_stubs::sr25519;
   |     ^^^^^^^^^^^^^^^^^^^^^^^^^^^^^

warning: unused import: `ByteArray`
  --> substrate/primitives/runtime/src/lib.rs:76:17
   |
76 |     crypto::{self, ByteArray, FromEntropy},
   |                    ^^^^^^^^^

warning: unused import: `ByteArray`
  --> substrate/primitives/runtime/src/quantum_stubs.rs:12:23
   |
12 | use sp_core::crypto::{ByteArray, CryptoType, FromEntropy};
   |                       ^^^^^^^^^

warning: missing documentation for an associated function
  --> substrate/primitives/runtime/src/quantum_stubs.rs:91:9
   |
91 |         pub fn from_slice(data: &[u8]) -> Result<Self, ()> {
   |         ^^^^^^^^^^^^^^^^^^^^^^^^^^^^^^^^^^^^^^^^^^^^^^^^^^
   |
note: the lint level is defined here
  --> substrate/primitives/runtime/src/lib.rs:45:9
   |
45 | #![warn(missing_docs)]
   |         ^^^^^^^^^^^^

warning: missing documentation for an associated function
   --> substrate/primitives/runtime/src/quantum_stubs.rs:106:9
    |
106 |         pub fn verify(sig: &Signature, msg: &[u8], pubkey: &Public) -> bool {
    |         ^^^^^^^^^^^^^^^^^^^^^^^^^^^^^^^^^^^^^^^^^^^^^^^^^^^^^^^^^^^^^^^^^^^

warning: missing documentation for an associated function
   --> substrate/primitives/runtime/src/quantum_stubs.rs:215:9
    |
215 |         pub fn verify(sig: &Signature, msg: &[u8], pubkey: &Public) -> bool {
    |         ^^^^^^^^^^^^^^^^^^^^^^^^^^^^^^^^^^^^^^^^^^^^^^^^^^^^^^^^^^^^^^^^^^^

warning: missing documentation for an associated function
   --> substrate/primitives/runtime/src/quantum_stubs.rs:292:9
    |
292 |         pub fn verify(sig: &Signature, msg: &[u8], pubkey: &Public) -> bool {
    |         ^^^^^^^^^^^^^^^^^^^^^^^^^^^^^^^^^^^^^^^^^^^^^^^^^^^^^^^^^^^^^^^^^^^

warning: `sp-runtime` (lib) generated 9 warnings (run `cargo fix --lib -p sp-runtime` to apply 3 suggestions)
   Compiling rustls v0.23.29
   Compiling netlink-packet-route v0.17.1
   Compiling asn1-rs v0.7.1
   Compiling multihash-derive v0.8.1
   Compiling sc-executor-wasmtime v0.29.0 (/home/paraxiom/polkadot-sdk/substrate/client/executor/wasmtime)
   Compiling rtnetlink v0.13.1
   Compiling soketto v0.8.1
   Compiling sc-executor-polkavm v0.29.0 (/home/paraxiom/polkadot-sdk/substrate/client/executor/polkavm)
   Compiling hickory-proto v0.24.4
   Compiling uint v0.9.5
   Compiling blake2s_simd v1.0.3
   Compiling num-integer v0.1.46
   Compiling tokio-stream v0.1.17
   Compiling oid-registry v0.8.1
   Compiling moka v0.12.10
   Compiling parking_lot_core v0.8.6
   Compiling mockall_derive v0.13.1
   Compiling predicates-core v1.0.9
   Compiling num-bigint v0.4.6
   Compiling if-watch v3.2.1
   Compiling multihash v0.17.0
   Compiling libp2p-kad v0.46.2
   Compiling sc-executor v0.32.0 (/home/paraxiom/polkadot-sdk/substrate/client/executor)
   Compiling darling_macro v0.20.11
   Compiling sc-transaction-pool-api v28.0.0 (/home/paraxiom/polkadot-sdk/substrate/client/transaction-pool/api)
   Compiling lru-cache v0.1.2
   Compiling crossbeam-channel v0.5.15
   Compiling http v0.2.12
   Compiling uuid v1.17.0
   Compiling network-interface v2.0.2
   Compiling instant v0.1.13
   Compiling openssl-probe v0.1.6
   Compiling rustls v0.21.12
   Compiling utf-8 v0.7.6
   Compiling webpki-roots v0.25.4
   Compiling termtree v0.5.1
   Compiling tagptr v0.2.0
   Compiling predicates-tree v1.0.12
   Compiling tungstenite v0.26.2
   Compiling rustls-native-certs v0.8.1
   Compiling hickory-resolver v0.24.4
   Compiling sc-client-api v28.0.0 (/home/paraxiom/polkadot-sdk/substrate/client/api)
   Compiling darling v0.20.11
   Compiling der-parser v10.0.0
   Compiling predicates v3.1.3
   Compiling tokio-rustls v0.26.2
   Compiling futures-rustls v0.26.0
   Compiling litep2p v0.9.5
   Compiling hickory-proto v0.25.2
   Compiling sct v0.7.1
   Compiling rustls-webpki v0.101.7
   Compiling yamux v0.12.1
   Compiling fragile v2.0.1
   Compiling downcast v0.11.0
   Compiling try-lock v0.2.5
   Compiling mockall v0.13.1
   Compiling want v0.3.1
   Compiling libp2p-yamux v0.46.0
   Compiling hickory-resolver v0.25.2
   Compiling tokio-tungstenite v0.26.2
   Compiling libp2p-websocket v0.44.0
   Compiling x509-parser v0.17.0
   Compiling serde_with_macros v3.14.0
   Compiling libp2p-dns v0.42.0
   Compiling parking_lot v0.11.2
   Compiling http-body v0.4.6
   Compiling h2 v0.3.27
   Compiling multiaddr v0.17.1
   Compiling libp2p-mdns v0.46.0
   Compiling libp2p-tcp v0.42.0
   Compiling libp2p-identify v0.45.0
   Compiling libp2p-noise v0.45.0
   Compiling libp2p-request-response v0.27.0
   Compiling libp2p-connection-limits v0.4.0
   Compiling libp2p-allow-block-list v0.4.0
   Compiling libp2p-ping v0.45.0
   Compiling prost v0.13.5
   Compiling cid v0.11.1
   Compiling simple-dns v0.9.3
   Compiling yasna v0.5.2
   Compiling libp2p v0.54.1
   Compiling hyper v0.14.32
   Compiling wasm-timer v0.2.5
   Compiling serde_with v3.14.0
   Compiling tokio-rustls v0.24.1
   Compiling itertools v0.12.1
   Compiling prost-derive v0.12.6
   Compiling hyper-rustls v0.24.2
   Compiling sc-network v0.34.0 (/home/paraxiom/polkadot-sdk/substrate/client/network)
   Compiling serde_urlencoded v0.7.1
   Compiling rustls-pemfile v1.0.4
   Compiling encoding_rs v0.8.35
   Compiling sync_wrapper v0.1.2
   Compiling mime v0.3.17
   Compiling prost v0.12.6
   Compiling cid v0.9.0
   Compiling reqwest v0.11.27
   Compiling linked_hash_set v0.1.5
   Compiling sc-network-common v0.33.0 (/home/paraxiom/polkadot-sdk/substrate/client/network/common)
   Compiling partial_sort v0.2.0
   Compiling ip_network v0.4.1
   Compiling clang-sys v1.8.1
   Compiling generic-array v0.12.4
   Compiling sp-genesis-builder v0.8.0 (/home/paraxiom/polkadot-sdk/substrate/primitives/genesis-builder)
   Compiling sc-network-types v0.10.0 (/home/paraxiom/polkadot-sdk/substrate/client/network/types)
warning: unexpected `cfg` condition value: `std`
   --> substrate/client/network/types/src/quantum_identity.rs:200:7
    |
200 | #[cfg(feature = "std")]
    |       ^^^^^^^^^^^^^^^ help: remove the condition
    |
    = note: no expected values for `feature`
    = help: consider adding `std` as a feature in `Cargo.toml`
    = note: see <https://doc.rust-lang.org/nightly/rustc/check-cfg/cargo-specifics.html> for more information about checking conditional configuration
    = note: `#[warn(unexpected_cfgs)]` on by default

warning: unexpected `cfg` condition value: `std`
   --> substrate/client/network/types/src/quantum_identity.rs:216:7
    |
216 | #[cfg(feature = "std")]
    |       ^^^^^^^^^^^^^^^ help: remove the condition
    |
    = note: no expected values for `feature`
    = help: consider adding `std` as a feature in `Cargo.toml`
    = note: see <https://doc.rust-lang.org/nightly/rustc/check-cfg/cargo-specifics.html> for more information about checking conditional configuration

warning: unexpected `cfg` condition value: `std`
   --> substrate/client/network/types/src/quantum_identity.rs:218:7
    |
218 | #[cfg(feature = "std")]
    |       ^^^^^^^^^^^^^^^ help: remove the condition
    |
    = note: no expected values for `feature`
    = help: consider adding `std` as a feature in `Cargo.toml`
    = note: see <https://doc.rust-lang.org/nightly/rustc/check-cfg/cargo-specifics.html> for more information about checking conditional configuration

warning: `sc-network-types` (lib) generated 3 warnings
   Compiling hashbrown v0.14.5
warning: unused import: `DialOpts`
  --> substrate/client/network/src/quantum_transport.rs:25:15
   |
25 |         transport::{DialOpts, ListenerId, TransportError, TransportEvent},
   |                     ^^^^^^^^
   |
   = note: `#[warn(unused_imports)]` on by default

warning: unused import: `Serialize`
  --> substrate/client/network/src/real_qkd_client.rs:13:26
   |
13 | use serde::{Deserialize, Serialize};
   |                          ^^^^^^^^^

warning: unused import: `QuantumKeySource`
  --> substrate/client/network/src/qkd_integration.rs:21:55
   |
21 | use crate::quantum_transport::{QkdClient, QuantumKey, QuantumKeySource};
   |                                                       ^^^^^^^^^^^^^^^^

warning: unused imports: `MockQkdClient` and `QuantumTransport`
  --> substrate/client/network/src/transport.rs:32:32
   |
32 | use crate::quantum_transport::{QuantumTransport, QkdClient, MockQkdClient};
   |                                ^^^^^^^^^^^^^^^^             ^^^^^^^^^^^^^

   Compiling subtle v1.0.0
   Compiling minimal-lexical v0.2.1
   Compiling iana-time-zone v0.1.63
   Compiling chrono v0.4.41
warning: unused variable: `qkd_client`
   --> substrate/client/network/src/quantum_transport.rs:178:7
    |
178 |         let qkd_client = self.qkd_client.clone();
    |             ^^^^^^^^^^ help: if this is intentional, prefix it with an underscore: `_qkd_client`
    |
    = note: `#[warn(unused_variables)]` on by default

warning: unused variable: `quantum_keys`
   --> substrate/client/network/src/quantum_transport.rs:179:7
    |
179 |         let quantum_keys = self.quantum_keys.clone();
    |             ^^^^^^^^^^^^ help: if this is intentional, prefix it with an underscore: `_quantum_keys`

warning: enum `QuantumKeySource` is never used
  --> substrate/client/network/src/quantum_transport.rs:51:10
   |
51 | pub enum QuantumKeySource {
   |          ^^^^^^^^^^^^^^^^
   |
   = note: `QuantumKeySource` has derived impls for the traits `Debug` and `Clone`, but these are intentionally ignored during dead code analysis
   = note: `#[warn(dead_code)]` on by default

warning: function `create_qkd_client` is never used
   --> substrate/client/network/src/quantum_transport.rs:137:8
    |
137 | pub fn create_qkd_client(use_real_qkd: bool, is_alice: bool) -> Arc<dyn QkdClient> {
    |        ^^^^^^^^^^^^^^^^^

warning: function `supports_qkd` is never used
   --> substrate/client/network/src/quantum_transport.rs:220:8
    |
220 | pub fn supports_qkd(addr: &Multiaddr) -> bool {
    |        ^^^^^^^^^^^^

warning: struct `BB84Protocol` is never constructed
   --> substrate/client/network/src/quantum_transport.rs:229:13
    |
229 |     pub struct BB84Protocol {
    |                ^^^^^^^^^^^^

warning: associated items `new` and `generate_key` are never used
   --> substrate/client/network/src/quantum_transport.rs:235:10
    |
234 |     impl BB84Protocol {
    |     ----------------- associated items in this implementation
235 |         pub fn new(key_size: usize) -> Self {
    |                ^^^
...
243 |         pub fn generate_key(&self) -> QuantumKey {
    |                ^^^^^^^^^^^^

warning: field `key_id` is never read
  --> substrate/client/network/src/real_qkd_client.rs:23:5
   |
22 | struct ToshibaKey {
   |        ---------- field in this struct
23 |     key_id: String,
   |     ^^^^^^
   |
   = note: `ToshibaKey` has a derived impl for the trait `Debug`, but this is intentionally ignored during dead code analysis

warning: associated function `new` is never used
  --> substrate/client/network/src/real_qkd_client.rs:39:12
   |
37 | impl RealQkdClient {
   | ------------------ associated function in this implementation
38 |     /// Create a new real QKD client
39 |     pub fn new(is_alice: bool) -> Result<Self, Box<dyn std::error::Error>> {
   |            ^^^

warning: fields `proof`, `sources_used`, and `timestamp` are never read
  --> substrate/client/network/src/qkd_integration.rs:51:2
   |
49 | struct KirqEntropyResponse {
   |        ------------------- fields in this struct
50 |     entropy: String,
51 |     proof: Option<String>,
   |     ^^^^^
52 |     sources_used: Vec<String>,
   |     ^^^^^^^^^^^^
53 |     timestamp: u64,
   |     ^^^^^^^^^
   |
   = note: `KirqEntropyResponse` has a derived impl for the trait `Debug`, but this is intentionally ignored during dead code analysis

warning: method `register_peer_endpoint` is never used
  --> substrate/client/network/src/qkd_integration.rs:71:9
   |
56 | impl KirqHubClient {
   | ------------------ method in this implementation
...
71 |     pub fn register_peer_endpoint(&self, peer_id: PeerId, endpoint: String) {
   |            ^^^^^^^^^^^^^^^^^^^^^^

warning: associated function `new` is never used
   --> substrate/client/network/src/qkd_integration.rs:160:9
    |
159 | impl ToshibaQkdClient {
    | --------------------- associated function in this implementation
160 |     pub fn new(api_endpoint: String, api_key: String) -> Self {
    |            ^^^

warning: method `register_toshiba_qkd` is never used
   --> substrate/client/network/src/qkd_integration.rs:224:9
    |
215 | impl HybridQkdClient {
    | -------------------- method in this implementation
...
224 |     pub fn register_toshiba_qkd(&self, peer_id: PeerId, endpoint: String, api_key: String) {
    |            ^^^^^^^^^^^^^^^^^^^^

warning: missing documentation for an associated function
  --> substrate/client/network/src/quantum_transport.rs:72:2
   |
72 |     pub fn new() -> Self {
   |     ^^^^^^^^^^^^^^^^^^^^
   |
note: the lint level is defined here
  --> substrate/client/network/src/lib.rs:20:9
   |
20 | #![warn(missing_docs)]
   |         ^^^^^^^^^^^^

warning: missing documentation for a method
  --> substrate/client/network/src/quantum_transport.rs:78:2
   |
78 |     pub fn add_key(&self, peer_id: PeerId, key: QuantumKey) {
   |     ^^^^^^^^^^^^^^^^^^^^^^^^^^^^^^^^^^^^^^^^^^^^^^^^^^^^^^^

warning: missing documentation for an associated function
   --> substrate/client/network/src/quantum_transport.rs:122:2
    |
122 |     pub fn new(inner: T, qkd_client: Arc<dyn QkdClient>) -> Self {
    |     ^^^^^^^^^^^^^^^^^^^^^^^^^^^^^^^^^^^^^^^^^^^^^^^^^^^^^^^^^^^^

warning: missing documentation for a struct field
   --> substrate/client/network/src/qkd_integration.rs:286:3
    |
286 |         endpoint: String,
    |         ^^^^^^^^^^^^^^^^

warning: missing documentation for a struct field
   --> substrate/client/network/src/qkd_integration.rs:290:3
    |
290 |         kirq_endpoint: String,
    |         ^^^^^^^^^^^^^^^^^^^^^

warning: missing documentation for a struct field
   --> substrate/client/network/src/qkd_integration.rs:291:3
    |
291 |         toshiba_endpoints: HashMap<PeerId, (String, String)>, // (endpoint, api_key)
    |         ^^^^^^^^^^^^^^^^^^^^^^^^^^^^^^^^^^^^^^^^^^^^^^^^^^^^

   Compiling nom v7.1.3
   Compiling crypto-mac v0.7.0
   Compiling digest v0.8.1
   Compiling libloading v0.8.8
   Compiling byte-tools v0.3.1
   Compiling tower-layer v0.3.3
   Compiling keystream v1.0.0
   Compiling bindgen v0.65.1
   Compiling opaque-debug v0.2.3
   Compiling blake2 v0.8.1
   Compiling chacha v0.3.0
   Compiling cexpr v0.6.0
   Compiling jsonrpsee-types v0.24.9
   Compiling sp-staking v26.0.0 (/home/paraxiom/polkadot-sdk/substrate/primitives/staking)
   Compiling der v0.7.10
   Compiling inout v0.1.4
   Compiling cipher v0.2.5
   Compiling tikv-jemalloc-sys v0.5.4+5.3.0-patched
   Compiling macro_magic_core_macros v0.5.1
   Compiling bitflags v1.3.2
   Compiling peeking_take_while v0.1.2
   Compiling rustc-hash v2.1.1
   Compiling lazycell v1.3.0
   Compiling rustc-hash v1.1.0
   Compiling jsonrpsee-core v0.24.9
   Compiling macro_magic_core v0.5.1
   Compiling c2-chacha v0.3.3
   Compiling cipher v0.4.4
   Compiling lioness v0.1.2
   Compiling tower v0.4.13
   Compiling sc-telemetry v15.0.0 (/home/paraxiom/polkadot-sdk/substrate/client/telemetry)
   Compiling hashlink v0.8.4
   Compiling rand_distr v0.4.3
   Compiling universal-hash v0.5.1
   Compiling ff v0.13.1
   Compiling route-recognizer v0.3.1
   Compiling rustix v1.0.8
   Compiling sec1 v0.7.3
   Compiling polyval v0.6.2
   Compiling sp-rpc v26.0.0 (/home/paraxiom/polkadot-sdk/substrate/primitives/rpc)
   Compiling jsonrpsee-server v0.24.9
   Compiling group v0.13.0
   Compiling mixnet v0.7.0
   Compiling macro_magic_macros v0.5.1
   Compiling librocksdb-sys v0.11.0+8.1.1
   Compiling sp-mixnet v0.4.0 (/home/paraxiom/polkadot-sdk/substrate/primitives/mixnet)
   Compiling jsonrpsee-proc-macros v0.24.9
   Compiling sc-chain-spec-derive v11.0.0 (/home/paraxiom/polkadot-sdk/substrate/client/chain-spec/derive)
   Compiling crypto-bigint v0.5.5
   Compiling lz4-sys v1.11.1+lz4-1.10.0
   Compiling memmap2 v0.9.7
   Compiling unicode-width v0.2.1
   Compiling linux-raw-sys v0.9.4
   Compiling console v0.15.11
   Compiling elliptic-curve v0.13.8
   Compiling sc-chain-spec v28.0.0 (/home/paraxiom/polkadot-sdk/substrate/client/chain-spec)
   Compiling jsonrpsee v0.24.9
   Compiling sc-mixnet v0.4.0 (/home/paraxiom/polkadot-sdk/substrate/client/mixnet)
warning: `sc-network` (lib) generated 23 warnings (run `cargo fix --lib -p sc-network` to apply 4 suggestions)
   Compiling ghash v0.5.1
   Compiling winter-crypto v0.9.0
   Compiling ctr v0.9.2
   Compiling aes v0.8.4
   Compiling spki v0.7.3
   Compiling sc-network-sync v0.33.0 (/home/paraxiom/polkadot-sdk/substrate/client/network/sync)
   Compiling finality-grandpa v0.16.3
   Compiling rfc6979 v0.4.0
   Compiling aead v0.5.2
   Compiling frame-support-procedural-tools-derive v11.0.0 (/home/paraxiom/polkadot-sdk/substrate/frame/support/procedural/tools/derive)
   Compiling include_dir_macros v0.7.4
   Compiling cfg_aliases v0.1.1
   Compiling snap v1.1.1
   Compiling include_dir v0.7.4
   Compiling static_init_macro v1.0.4
   Compiling sp-consensus-grandpa v13.0.0 (/home/paraxiom/polkadot-sdk/substrate/primitives/consensus/grandpa)
   Compiling frame-support-procedural-tools v10.0.0 (/home/paraxiom/polkadot-sdk/substrate/frame/support/procedural/tools)
   Compiling aes-gcm v0.10.3
   Compiling ecdsa v0.16.9
   Compiling sc-rpc-api v0.33.0 (/home/paraxiom/polkadot-sdk/substrate/client/rpc-api)
   Compiling winter-fri v0.9.0
   Compiling macro_magic v0.5.1
   Compiling sc-consensus v0.33.0 (/home/paraxiom/polkadot-sdk/substrate/client/consensus/common)
error[E0599]: no method named `verify` found for reference `&app::Signature` in the current scope
   --> substrate/primitives/consensus/grandpa/src/lib.rs:443:24
    |
443 |     let valid = signature.verify(&buf, &id);
    |                           ^^^^^^ method not found in `&Signature`
    |
    = help: items from traits can only be used if the trait is implemented and in scope
    = note: the following traits define an item `verify`, perhaps you need to implement one of them:
            candidate #1: `AppVerify`
            candidate #2: `RuntimeAppPublic`
            candidate #3: `RuntimePublic`
            candidate #4: `Verify`
            candidate #5: `digest::mac::Mac`
            candidate #6: `sp_core::Pair`

error[E0382]: use of moved value: `public`
   --> substrate/primitives/consensus/grandpa/src/lib.rs:474:65
    |
459 |     public: AuthorityId,
    |     ------ move occurs because `public` has type `app::Public`, which does not implement the `Copy` trait
...
469 |         .sphincs_sign(KEY_TYPE, &public.into(), &encoded[..])
    |                                         ------ `public` moved due to this method call
...
474 |     Some(finality_grandpa::SignedMessage { message, signature, id: public })
    |                                                                    ^^^^^^ value used here after move
    |
note: `into` takes ownership of the receiver `self`, which moves `public`
   --> /home/paraxiom/.rustup/toolchains/stable-x86_64-unknown-linux-gnu/lib/rustlib/src/rust/library/core/src/convert/mod.rs:451:13
    |
451 |     fn into(self) -> T;
    |             ^^^^
help: you can `clone` the value and consume it, but this might not be your desired behavior
    |
469 |         .sphincs_sign(KEY_TYPE, &public.clone().into(), &encoded[..])
    |                                        ++++++++

Some errors have detailed explanations: E0382, E0599.
For more information about an error, try `rustc --explain E0382`.
error: could not compile `sp-consensus-grandpa` (lib) due to 2 previous errors
warning: build failed, waiting for other jobs to finish...
